[debug] [2026-08-03T11:19:22.109Z] : 
[debug] [2026-08-03T11:19:22.111Z] : ----------------------------------------------------------------------
[debug] [2026-08-03T11:19:22.111Z] : Command:      C:\Program Files\nodejs\node.exe C:\Users\Paul\AppData\Roaming\npm\node_modules\zcatalyst-cli\lib\bin\catalyst.js serve
[debug] [2026-08-03T11:19:22.111Z] : CLI Version:  1.27.0
[debug] [2026-08-03T11:19:22.111Z] : Platform:     win32
[debug] [2026-08-03T11:19:22.112Z] : Node Version: v24.18.1
[debug] [2026-08-03T11:19:22.112Z] : Time:         Mon Aug 03 2026 16:49:22 GMT+0530 (India Standard Time)
[debug] [2026-08-03T11:19:22.112Z] : ----------------------------------------------------------------------
[debug] [2026-08-03T11:19:22.112Z] : 
[debug] [2026-08-03T11:19:23.798Z] : > authorizing via signed-in user option
[debug] [2026-08-03T11:19:23.798Z] : > command requires scopes: ["ZohoCatalyst.projects.ALL","ZohoCatalyst.apigateway.apis.READ","ZohoCatalyst.apigateway.READ","ZohoCatalyst.segments.ALL","ZohoCatalyst.cache.READ","ZohoCatalyst.cache.CREATE","ZohoCatalyst.cache.DELETE","ZohoCatalyst.projects.ALL","ZohoCatalyst.cron.ALL","ZohoCatalyst.zcql.CREATE","ZohoCatalyst.projects.users.READ","ZohoCatalyst.projects.users.CREATE","ZohoCatalyst.projects.users.DELETE","ZohoCatalyst.projects.users.UPDATE","ZohoCatalyst.authentication.CREATE","ZohoCatalyst.email.CREATE","ZohoCatalyst.tables.ALL","ZohoCatalyst.tables.rows.ALL","ZohoCatalyst.tables.columns.ALL","ZohoCatalyst.tables.bulk.CREATE","ZohoCatalyst.tables.bulk.READ","ZohoCatalyst.folders.ALL","ZohoCatalyst.files.CREATE","ZohoCatalyst.files.READ","ZohoCatalyst.files.DELETE","ZohoCatalyst.functions.ALL","ZohoCatalyst.functions.EXECUTE","ZohoCatalyst.eventlistners.ALL","ZohoCatalyst.eventlisteners.produce","ZohoCatalyst.security.rules.Read","ZohoCatalyst.security.rules.Update","ZohoCatalyst.notifications.mobile","ZohoCatalyst.notifications.web","ZohoCatalyst.search.READ","ZohoCatalyst.mlkit.READ","QuickML.deployment.READ","ZohoCatalyst.pdfshot.execute","ZohoCatalyst.grid.READ","ZohoCatalyst.grid.terminate","ZohoCatalyst.circuits.execution.DELETE","ZohoCatalyst.circuits.execution.READ","ZohoCatalyst.circuits.execute","ZohoCatalyst.appsail.Read","ZohoCatalyst.jobpool.READ","ZohoCatalyst.job.ALL","ZohoCatalyst.nosql.READ","ZohoCatalyst.nosql.rows.ALL"]
[debug] [2026-08-03T11:19:23.949Z] : >>>> HTTP REQUEST : GET https://api.catalyst.zoho.in/baas/v1/project/60819000000018599 

[debug] [2026-08-03T11:19:24.198Z] : <<<< HTTP RESPONSE : 200
Response Headers: {"server":"ZGS","date":"Mon, 03 Aug 2026 11:19:23 GMT","content-type":"application/vnd.catalyst.v2+json","transfer-encoding":"chunked","connection":"keep-alive","x-content-type-options":"nosniff","cache-control":"private,no-cache,no-store,max-age=0,must-revalidate","pragma":"no-cache","expires":"Thu, 01 Jan 1970 00:00:00 GMT","x-frame-options":"DENY","strict-transport-security":"max-age=64072000; includeSubDomains; preload"}

[debug] [2026-08-03T11:19:24.202Z] : >>>> HTTP REQUEST : GET https://api.catalyst.zoho.in/baas/v1/project/60819000000018599/environment 

[debug] [2026-08-03T11:19:24.262Z] : <<<< HTTP RESPONSE : 200
Response Headers: {"server":"ZGS","date":"Mon, 03 Aug 2026 11:19:23 GMT","content-type":"application/vnd.catalyst.v2+json","transfer-encoding":"chunked","connection":"keep-alive","x-content-type-options":"nosniff","cache-control":"private,no-cache,no-store,max-age=0,must-revalidate","pragma":"no-cache","expires":"Thu, 01 Jan 1970 00:00:00 GMT","x-frame-options":"DENY","strict-transport-security":"max-age=64072000; includeSubDomains; preload"}

[debug] [2026-08-03T11:19:24.477Z] : http port : '3000' is not available. Hence port '3001' will be used instead.
[debug] [2026-08-03T11:19:24.507Z] : http port : '3000' is not available. Hence port '3002' will be used instead.
[debug] [2026-08-03T11:19:24.515Z] : No basic functions to add
[debug] [2026-08-03T11:19:24.683Z] : No API Gateway configuration found. Skipping API Gateway rules
[debug] [2026-08-03T11:19:31.728Z] : No API Gateway configuration found. Skipping API Gateway rules
[info] [2026-08-03T11:19:31.836Z] : 
[info] [2026-08-03T11:19:31.837Z] :  >>>>>>>>>>>>>> AppSail <<<<<<<<<<<<<< 
[info] [2026-08-03T11:19:31.839Z] : i AppSail: http://localhost:3001
[info] [2026-08-03T11:19:31.839Z] : 
[info] [2026-08-03T11:19:31.840Z] : 
[info] [2026-08-03T11:19:31.841Z] :  >>>>>>>>>>>>>> Slate <<<<<<<<<<<<<< 
[info] [2026-08-03T11:19:31.841Z] : i slate: http://localhost:3002
[info] [2026-08-03T11:19:31.842Z] : 
[info] [2026-08-03T11:19:43.041Z] : [1785755983041]  "GET"  "/"
[info] [2026-08-03T11:19:43.133Z] : [1785755983132]  "GET"  "/@vite/client"
[info] [2026-08-03T11:19:43.307Z] : [1785755983307]  "GET"  "/src/main.jsx"
[info] [2026-08-03T11:19:43.446Z] : [1785755983445]  "GET"  "/@react-refresh"
[info] [2026-08-03T11:19:43.496Z] : [1785755983496]  "GET"  "/node_modules/vite/dist/client/env.mjs"
[info] [2026-08-03T11:19:43.640Z] : [1785755983640]  "GET"  "/node_modules/.vite/deps/react_jsx-dev-runtime.js?v=140ef361"
[info] [2026-08-03T11:19:43.642Z] : [1785755983642]  "GET"  "/node_modules/.vite/deps/react.js?v=140ef361"
[info] [2026-08-03T11:19:43.646Z] : [1785755983646]  "GET"  "/node_modules/.vite/deps/react-dom_client.js?v=140ef361"
[info] [2026-08-03T11:19:43.647Z] : [1785755983647]  "GET"  "/src/App.jsx"
[info] [2026-08-03T11:19:43.765Z] : [1785755983764]  "GET"  "/src/index.css"
[info] [2026-08-03T11:19:43.982Z] : [1785755983981]  "GET"  "/node_modules/.vite/deps/chunk-REFQX4J5.js?v=140ef361"
[info] [2026-08-03T11:19:44.014Z] : [1785755984013]  "GET"  "/src/assets/react.svg?import"
[info] [2026-08-03T11:19:44.015Z] : [1785755984015]  "GET"  "/vite.svg?import"
[info] [2026-08-03T11:19:44.019Z] : [1785755984018]  "GET"  "/src/App.css"
[info] [2026-08-03T11:19:44.388Z] : [1785755984388]  "GET"  "/vite.svg"
[info] [2026-08-03T11:19:44.390Z] : [1785755984389]  "GET"  "/src/assets/react.svg"
[info] [2026-08-03T11:19:44.650Z] : [1785755984650]  "GET"  "/vite.svg"
[info] [2026-08-03T11:19:55.541Z] : [1785755995541]  "GET"  "/.well-known/appspecific/com.chrome.devtools.json"
